Rate limiter testing complete
